╭─ Tree (↓ down) (deps) ───────────────────────────────────────────────── [+] ─╮ ╭─ Issue Details ─────────────────────────────────────────────────────── [+] ─╮
│ Loading tree...                                                              │ │                                                                             │
│                                                                              │ │  Select an issue to view details                                            │
│                                                                              │ │                                                                             │
│                                                                              │ │                                                                             │
│                                                                              │ │                                                                             │
│                                                                              │ │                                                                             │
│                                                                              │ │                                                                             │
│                                                                              │ │                                                                             │
│                                                                              │ │                                                                             │
│                                                                              │ │                                                                             │
│                                                                              │ │                                                                             │
│                                                                              │ │                                                                             │
│                                                                              │ │                                                                             │
│                                                                              │ │                                                                             │
│                                                                              │ │                                                                             │
│                                                                              │ │                                                                             │
│                                                                              │ │                                                                             │
│                                                                              │ │                                                                             │
│                                                                              │ │                                                                             │
│                                                                              │ │                                                                             │
│                                                                              │ │                                                                             │
│                                                                              │ │                                                                             │
│                                                                              │ │                                                                             │
│                                                                              │ │                                                                             │
│                                                                              │ │                                                                             │
│                                                                              │ │                                                                             │
│                                                                              │ │                                                                             │
│                                                                              │ │                                                                             │
╰──────────────────────────────────────────────────────────────────────────────╯ ╰─────────────────────────────────────────────────────────────────────────────╯