╭─ BQL Search ─────────────────────────────────────────────────────────── [+] ─╮
│[7m [27m                                                                             │
╰──────────────────────────────────────────────────────────────────────────────╯
╭─────────────────────────────────────────────────────────────── Count: 1 [+] ─╮
│>[F][P1][bd-a1b] Implement webhook system                               1h ago│
│                                                                              │
│                                                                              │
│                                                                              │
│                                                                              │
│                                                                              │
╰──────────────────────────────────────────────────────────────────────────────╯
                                                                                
╭─ Issue Details ──────────────────────────────────────────────────────── [+] ─╮
│[F][P1][bd-a1b] Implement webhook system                                      │
│                                                                              │
│Status: Open                                                                  │
│                                                                              │
│No description                                                                │
│                                                                              │
│                                                                              │
│                                                                              │
│                                                                              │
│                                                                              │
╰──────────────────────────────────────────────────────────────────────────────╯