╭─ BQL Search ───────────────────────────── [+] ─╮ ╭─ Issue Details ───────────────────────── [+] ─╮
│[7mp[27mriority = 0                                    │ │                                               │
╰────────────────────────────────────────────────╯ │  Select an issue to view details              │
╭────────────────────────────────────────── [+] ─╮ │                                               │
│                       ╭──────────────────────────────────────────────────╮                       │
│  No results found     │ Save as Column                                   │                       │
│                       │──────────────────────────────────────────────────│                       │
│                       │                                                  │                       │
│                       │ ╭─ Column Name (required) ─────────────────────╮ │                       │
│                       │ │Enter column name...                          │ │                       │
│                       │ ╰──────────────────────────────────────────────╯ │                       │
│                       │                                                  │                       │
│                       │ ╭─ Color (Enter to change) ────────────────────╮ │                       │
│                       │ │   #73F59F                                    │ │                       │
│                       │ ╰──────────────────────────────────────────────╯ │                       │
│                       │                                                  │                       │
│                       │ ╭─ Add to Views (Space to toggle) ─────────────╮ │                       │
│                       │ │ [ ] Inbox                                    │ │                       │
│                       │ │ [ ] Critical                                 │ │                       │
│                       │ │ [ ] In Progress                              │ │                       │
│                       │ ╰──────────────────────────────────────────────╯ │                       │
│                       │                                                  │                       │
│                       │     Save       Cancel                            │                       │
│                       │                                                  │                       │
│                       ╰──────────────────────────────────────────────────╯                       │
│                                                │ │                                               │
│                                                │ │                                               │
│                                                │ │                                               │
│                                                │ │                                               │
╰────────────────────────────────────────────────╯ ╰───────────────────────────────────────────────╯