╭─ Tree (↓ down) (deps) ───────────────────────────────────────────────────── █████░░░░░░░░░░ 33% (1/3) [+] ─╮ ╭─ Issue Details ───────────────────────────────────────────────────────────────────────────────────── [+] ─╮
│>[E][P1][epic-1] Epic: Implement new feature ○────────────────────────────────────────────────────────2d ago│ │[E][P1][epic-1] Epic: Implement new feature                            │  Type      Epic                   │
│ ├─[T][P1][task-1] Design API ✓                                                                       2d ago│ │                                                                       │  ───────────────────────────────  │
│ └─[T][P1][task-2] Implement backend ●                                                                2d ago│ │[38;5;252m[0m[38;5;252m[0m[38;5;252mThis is a test issue with a long[0m[38;5;252m assignee.[0m[38;5;252m [0m[38;5;252m [0m[38;5;252m [0m[38;5;252m [0m[38;5;252m [0m[38;5;252m [0m[38;5;252m [0m[38;5;252m [0m[38;5;252m [0m[38;5;252m [0m[38;5;252m [0m[38;5;252m [0m[38;5;252m [0m[38;5;252m [0m[38;5;252m [0m[38;5;252m [0m[38;5;252m [0m[38;5;252m [0m[38;5;252m [0m[38;5;252m [0m[38;5;252m [0m[38;5;252m [0m[38;5;252m [0m[38;5;252m [0m[38;5;252m [0m[38;5;252m [0m[38;5;252m [0m[38;5;252m [0m │  Priority  P1                     │
│                                                                                                            │ │                                                                       │  Status    Open                   │
│                                                                                                            │ │                                                                       │  ───────────────────────────────  │
│                                                                                                            │ │                                                                       │  Assignee                         │
│                                                                                                            │ │                                                                       │   this/is/a/verylong/assignee/na  │
│                                                                                                            │ │                                                                       │   me/that/will/wrap               │
│                                                                                                            │ │                                                                       │  ───────────────────────────────  │
│                                                                                                            │ │                                                                       │  Created   2025-01-13 12:00:00    │
│                                                                                                            │ │                                                                       │  ───────────────────────────────  │
│                                                                                                            │ │                                                                       │  Children                         │
│                                                                                                            │ │                                                                       │   task-1                          │
│                                                                                                            │ │                                                                       │   task-2                          │
│                                                                                                            │ │                                                                       │                                   │
│                                                                                                            │ │                                                                       │                                   │
│                                                                                                            │ │                                                                       │                                   │
│                                                                                                            │ │                                                                       │                                   │
│                                                                                                            │ │                                                                       │                                   │
│                                                                                                            │ │                                                                       │                                   │
│                                                                                                            │ │                                                                       │                                   │
│                                                                                                            │ │                                                                       │                                   │
│                                                                                                            │ │                                                                       │                                   │
│                                                                                                            │ │                                                                       │                                   │
│                                                                                                            │ │                                                                       │                                   │
│                                                                                                            │ │                                                                       │                                   │
│                                                                                                            │ │                                                                       │                                   │
│                                                                                                            │ │[j/k] Scroll  [ctrl+e] Edit  [ctrl+d] Delete  [Esc] Back               │                                   │
╰────────────────────────────────────────────────────────────────────────────────────────────────────────────╯ ╰───────────────────────────────────────────────────────────────────────────────────────────────────────────╯