╭─ BQL Search ─────────────────────────────────────────────────────────────────────────────── [+] ─╮ ╭─ Issue Details ─────────────────────────────────────────────────────────────────────────── [+] ─╮
│[7m [27m                                                                                                 │ │[F][P1][bd-a1b] Implement webhook system                                                         │
╰──────────────────────────────────────────────────────────────────────────────────────────────────╯ │                                                                                                 │
╭─────────────────────────────────────────────────────────────────────────────────── Count: 2 [+] ─╮ │Status: Open                                                                                     │
│>[F][P1][bd-a1b] Implement webhook system                                                   5m ago│ │                                                                                                 │
│ [B][P0][bd-c2d] Fix crash on startup                                                  2💬 6mo ago│ │No description                                                                                   │
│                                                                                                  │ │                                                                                                 │
│                                                                                                  │ │                                                                                                 │
│                                                                                                  │ │                                                                                                 │
│                                                                                                  │ │                                                                                                 │
│                                                                                                  │ │                                                                                                 │
│                                                                                                  │ │                                                                                                 │
│                                                                                                  │ │                                                                                                 │
│                                                                                                  │ │                                                                                                 │
│                                                                                                  │ │                                                                                                 │
│                                                                                                  │ │                                                                                                 │
│                                                                                                  │ │                                                                                                 │
│                                                                                                  │ │                                                                                                 │
│                                                                                                  │ │                                                                                                 │
│                                                                                                  │ │                                                                                                 │
│                                                                                                  │ │                                                                                                 │
│                                                                                                  │ │                                                                                                 │
│                                                                                                  │ │                                                                                                 │
│                                                                                                  │ │                                                                                                 │
│                                                                                                  │ │                                                                                                 │
│                                                                                                  │ │                                                                                                 │
│                                                                                                  │ │                                                                                                 │
│                                                                                                  │ │                                                                                                 │
│                                                                                                  │ │                                                                                                 │
│                                                                                                  │ │                                                                                                 │
│                                                                                                  │ │                                                                                                 │
│                                                                                                  │ │                                                                                                 │
│                                                                                                  │ │                                                                                                 │
│                                                                                                  │ │                                                                                                 │
│                                                                                                  │ │                                                                                                 │
│                                                                                                  │ │                                                                                                 │
│                                                                                                  │ │                                                                                                 │
│                                                                                                  │ │                                                                                                 │
│                                                                                                  │ │                                                                                                 │
╰──────────────────────────────────────────────────────────────────────────────────────────────────╯ ╰─────────────────────────────────────────────────────────────────────────────────────────────────╯