╭─ BQL Search ───────────────────────────── [+] ─╮ ╭─ Issue Details ───────────────────────── [+] ─╮
│[7m [27m                                               │ │                                               │
╰────────────────────────────────────────────────╯ │  Select an issue to view details              │
╭────────────────────────────────────────── [+] ─╮ │                                               │
│                                                │ │                                               │
│  Enter a BQL query to search                   │ │                                               │
│                                                │ │                                               │
│                                                │ │                                               │
│                                                │ │                                               │
│                                                │ │                                               │
│                                                │ │                                               │
│                                                │ │                                               │
│                                                │ │                                               │
│                                                │ │                                               │
│                                                │ │                                               │
│                                                │ │                                               │
│                                                │ │                                               │
│                                                │ │                                               │
│                                                │ │                                               │
│                                                │ │                                               │
│                                                │ │                                               │
│                                                │ │                                               │
│                                                │ │                                               │
│                                                │ │                                               │
│                                                │ │                                               │
│                                                │ │                                               │
│                                                │ │                                               │
│                                                │ │                                               │
│                                                │ │                                               │
╰────────────────────────────────────────────────╯ ╰───────────────────────────────────────────────╯