╭─ Workflows ──────────────────────────────────────────────────────────── [+] ─╮
│🔔 🔒 Status    Name                                Workers  Health   Uptime  │
│      RUNNING   Build auth system                   2        ❤️ 0s    -       │
│      PENDING   Fix bug                             0        -        -       │
│                                                                              │
│                                                                              │
│                                                                              │
│                                                                              │
╰──────────────────────────────────────────────────────────────────────────────╯
 No epic associated with this workflow                                          
╭──────────────────────────────────────────────────────────────────────────────╮
│j/k nav  tab cycle  n new  s start  x pause  ? help  q quit                   │
╰──────────────────────────────────────────────────────────────────────────────╯
                                                                                
                                                                                
                                                                                
                                                                                
                                                                                
                                                                                
                                                                                
                                                                                
                                                                                
                                                                                
                                                                                