╭─ Workflows ──────────────────────────────────────────────────────────────────────────────── [+] ─╮
│🔔 🔒 Status    Name                                   EpicID           Workers  Health   Uptime  │
│      RUNNING   Build authentication system            -                3        ❤️ 0s    -       │
│      PAUSED    Auth token refresh handler             -                1        -        -       │
│                                                                                                  │
│                                                                                                  │
│                                                                                                  │
│                                                                                                  │
│                                                                                                  │
│                                                                                                  │
│                                                                                                  │
╰──────────────────────────────────────────────────────────────────────────────────────────────────╯
 No epic associated with this workflow                                                              
╭──────────────────────────────────────────────────────────────────────────────────────────────────╮
│j/k nav  tab cycle  n new  s start  x pause  ? help  q quit                                       │
╰──────────────────────────────────────────────────────────────────────────────────────────────────╯
                                                                                                    
                                                                                                    
                                                                                                    
                                                                                                    
                                                                                                    
                                                                                                    
                                                                                                    
                                                                                                    
                                                                                                    
                                                                                                    
                                                                                                    
                                                                                                    
                                                                                                    
                                                                                                    