╭─ Workflows ──────────────────────────────────────────────────────────────────────────────────────────────────── [+] ─╮
│🔔 🔒 Status    Name                EpicID           WorkDir                 Workers  Health   Uptime   Started       │
│      RUNNING   Build authentica... -                ·                       2        ❤️ 0s    -        -             │
│                                                                                                                      │
│                                                                                                                      │
│                                                                                                                      │
│                                                                                                                      │
│                                                                                                                      │
│                                                                                                                      │
│                                                                                                                      │
│       ╭─────────────────────────────────────────────────────────────────────────────────────────────────────╮        │
│       │  Dashboard Help                                                                                     │        │
│       │─────────────────────────────────────────────────────────────────────────────────────────────────────│        │
╰───────│                                                                                                     │────────╯
 No epic│  Navigation                     Workflow Actions                    Epic Tree                       │         
╭───────│  k/↑        move up             s          start/resume workflow    ctrl+e     edit issue           │────────╮
│j/k nav│  j/↓        move down           x          pause workflow           y          copy ID/description  │        │
╰───────│  g          go to first         n          new workflow             h/l        tree ↔ details       │────────╯
        │  G          go to last          ?          toggle help              d          toggle direction     │         
        │  Tab        cycle focus zone    q          quit                     m          toggle mode          │         
        │                                                                                                     │         
        │                                                                                                     │         
        │  Press ? or Esc to close                                                                            │         
        ╰─────────────────────────────────────────────────────────────────────────────────────────────────────╯         
                                                                                                                        
                                                                                                                        
                                                                                                                        
                                                                                                                        
                                                                                                                        
                                                                                                                        
                                                                                                                        
                                                                                                                        
                                                                                                                        
                                                                                                                        
                                                                                                                        