╭─ Workflows ────────────────────────────────────────────────────────────────────── [+] ─╮
│🔔 🔒 Status    Name                                          Workers  Health   Uptime  │
│      RUNNING   Running workflow                              1        ❤️ 0s    5m      │
│                                                                                        │
│                                                                                        │
│                                                                                        │
│                                                                                        │
│                                                                                        │
╰────────────────────────────────────────────────────────────────────────────────────────╯
 No epic associated with this workflow                                                    
╭────────────────────────────────────────────────────────────────────────────────────────╮
│j/k nav  tab cycle  n new  s start  x pause  ? help  q quit                             │
╰────────────────────────────────────────────────────────────────────────────────────────╯
                                                                                          
                                                                                          
                                                                                          
                                                                                          
                                                                                          
                                                                                          
                                                                                          