╭─────────────────────────────────────────────────────────────────╮
│ New Workflow                                                    │
│─────────────────────────────────────────────────────────────────│
│                                                                 │
│ [1013z╭─ Template (required) ───────────────────────────────────────╮ │
│ │ Cook                                                        │ │
│ │ Implementation workflow                                     │ │
│ ╰─────────────────────────────────────────────────────────────╯[1013z │
│                                                                 │
│ [1014z╭─ Name (optional) ───────────────────────────────────────────╮ │
│ │Workflow name (defaults to template name)                    │ │
│ ╰─────────────────────────────────────────────────────────────╯[1014z │
│                                                                 │
│                       ⠋ Creating workflow...                    │
│                                                                 │
╰─────────────────────────────────────────────────────────────────╯