╭─ Workflows ─────────────────────────────────── [+] ─╮╭─ ○ Coord ─ ○ Obs ─ Msgs───────────────────────────────── [+] ─╮
│🔔 🔒 Status    Name       Workers  Health   Uptime  ││                                                               │
│      RUNNING   Running... 2        ❤️ 0s    -       ││                                                               │
│      PENDING   Another... 0        -        -       ││                                                               │
│                                                     ││                                                               │
│                                                     ││                                                               │
│                                                     ││                                                               │
│                                                     ││                                                               │
╰─────────────────────────────────────────────────────╯│                          No messages                          │
 No epic associated with this workflow                 │                                                               │
                                                       │                                                               │
                                                       │                                                               │
                                                       │                                                               │
                                                       │                                                               │
                                                       │                                                               │
                                                       ╰───────────────────────────────────────────────────────────────╯
                                                       ╭───────────────────────────────────────────────────────── [+] ─╮
                                                       │ Message coordinator...                                        │
                                                       │                                                               │
                                                       │                                                               │
                                                       │                                                               │
                                                       ╰─ [INSERT] ────────────────────────────────── DM: Coordinator ─╯
╭──────────────────────────────────────────────────────────────────────────────────────────────────────────────────────╮
│j/k nav  tab cycle  n new  s start  x pause  ? help  q quit                                                           │
╰──────────────────────────────────────────────────────────────────────────────────────────────────────────────────────╯