╭─ Workflows ──────────────────────────────────────────────────────────────────────────────────────────────────── [+] ─╮
│🔔 🔒 Status    Name                EpicID           WorkDir                 Workers  Health   Uptime   Started       │
│      RUNNING   Worktree workflow   -                🌳 feature-branch       2        ❤️ 0s    -        -             │
│      PENDING   Custom workdir w... -                project                 0        -        -        -             │
│      RUNNING   Current director... -                ·                       1        ❤️ 0s    -        -             │
│                                                                                                                      │
│                                                                                                                      │
│                                                                                                                      │
╰──────────────────────────────────────────────────────────────────────────────────────────────────────────────────────╯
 No epic associated with this workflow                                                                                  
╭──────────────────────────────────────────────────────────────────────────────────────────────────────────────────────╮
│j/k nav  tab cycle  n new  s start  x pause  ? help  q quit                                                           │
╰──────────────────────────────────────────────────────────────────────────────────────────────────────────────────────╯
                                                                                                                        
                                                                                                                        
                                                                                                                        
                                                                                                                        
                                                                                                                        
                                                                                                                        
                                                                                                                        