╭─ Workflows ──────────────────────────────────────────────────────────────────────────────── [+] ─╮
│🔔 🔒 Status    Name                                   EpicID           Workers  Health   Uptime  │
│      RUNNING   Small token usage                      -                1        ❤️ 0s    -       │
│      RUNNING   Medium token usage                     -                2        ❤️ 0s    -       │
│      RUNNING   Large token usage                      -                3        ❤️ 0s    -       │
│                                                                                                  │
│                                                                                                  │
│                                                                                                  │
│                                                                                                  │
│                                                                                                  │
│                                                                                                  │
╰──────────────────────────────────────────────────────────────────────────────────────────────────╯
 No epic associated with this workflow                                                              
╭──────────────────────────────────────────────────────────────────────────────────────────────────╮
│j/k nav  tab cycle  n new  s start  x pause  ? help  q quit                                       │
╰──────────────────────────────────────────────────────────────────────────────────────────────────╯
                                                                                                    
                                                                                                    
                                                                                                    
                                                                                                    
                                                                                                    
                                                                                                    
                                                                                                    
                                                                                                    
                                                                                                    
                                                                                                    
                                                                                                    
                                                                                                    
                                                                                                    
                                                                                                    