╭─ Workflows ──────────────────────────────────────────────────────────────────────────────────────────────────── [+] ─╮
│🔔 🔒 Status    Name                EpicID           WorkDir                 Workers  Health   Uptime   Started       │
│      RUNNING   Epic-linked work... perles-abc.1     ·                       2        ❤️ 0s    -        -             │
│      PENDING   Standalone workflow -                ·                       0        -        -        -             │
│      RUNNING   Another epic wor... epic-xyz         ·                       1        ❤️ 0s    -        -             │
│                                                                                                                      │
│                                                                                                                      │
│                                                                                                                      │
╰──────────────────────────────────────────────────────────────────────────────────────────────────────────────────────╯
 No tasks in epic                                                                                                       
╭──────────────────────────────────────────────────────────────────────────────────────────────────────────────────────╮
│j/k nav  tab cycle  n new  s start  x pause  ? help  q quit                                                           │
╰──────────────────────────────────────────────────────────────────────────────────────────────────────────────────────╯
                                                                                                                        
                                                                                                                        
                                                                                                                        
                                                                                                                        
                                                                                                                        
                                                                                                                        
                                                                                                                        