                                                                                                                        
                                                                                                                        
                                                                                                                        
                                                                                                                        
                                                                                                                        
                                                                                                                        
                                                                                                                        
                                                                                                                        
                                                                                                                        
                                                                                                                        
                                                                                                                        
                                                                                                                        
                                                      \│/                                                               
                          ╔═══════╗   ╔═══════╗   ╔════╲   │   ╱════╗   ╔═══════╗   ╔═══════╗                           
                          ║       ╠═══╣       ╠═══╣     ╲  │  ╱     ╠═══╣       ╠═══╣       ║                           
                          ║       ╠═══╣       ╠═══╣     ╱  │  ╲     ╠═══╣       ╠═══╣       ║                           
                          ╚═══════╝   ╚═══════╝   ╚════╱   │   ╲════╝   ╚═══════╝   ╚═══════╝                           
                                                      /│\                                                               
                                                                                                                        
                                                                                                                        
                                    Oh no! Looks like there's a break in the chain!                                     
                                                                                                                        
                     Your beads database version (0.29.0) is older than required version (0.62.0).                      
                                                                                                                        
                   Upgrade your beads instance and run `bd migrate` to update your database version.                    
                                                                                                                        
                                                                                                                        
                                                    Press q to quit                                                     
                                                                                                                        
                                                                                                                        
                                                                                                                        
                                                                                                                        
                                                                                                                        
                                                                                                                        
                                                                                                                        
                                                                                                                        
                                                                                                                        
                                                                                                                        
                                                                                                                        
                                                                                                                        